error: Undefined Behavior: accessing memory with alignment 1, but alignment 2 is required
  --> $DIR/copy_unaligned.rs:12:14
   |
LL |     unsafe { copy_nonoverlapping(&data[5], ptr, 0); } //~ ERROR accessing memory with alignment 1, but alignment 2 is required
   |              ^^^^^^^^^^^^^^^^^^^^^^^^^^^^^^^^^^^^^ accessing memory with alignment 1, but alignment 2 is required
   |
   = help: this indicates a bug in the program: it performed an invalid operation, and caused Undefined Behavior
   = help: see https://doc.rust-lang.org/nightly/reference/behavior-considered-undefined.html for further information
           
   = note: inside `main` at $DIR/copy_unaligned.rs:12:14

note: some details are omitted, run with `MIRIFLAGS=-Zmiri-backtrace=full` for a verbose backtrace

error: aborting due to previous error

