error: Undefined Behavior: `float_to_int_unchecked` intrinsic called on NaN which cannot be represented in target type `u32`
 --> $DIR/float_to_int_32_nanneg.rs:9:14
  |
9 |     unsafe { float_to_int_unchecked::<f32, u32>(-f32::NAN); } //~ ERROR: cannot be represented in target type `u32`
  |              ^^^^^^^^^^^^^^^^^^^^^^^^^^^^^^^^^^^^^^^^^^^^^ `float_to_int_unchecked` intrinsic called on NaN which cannot be represented in target type `u32`
  |
  = help: this indicates a bug in the program: it performed an invalid operation, and caused Undefined Behavior
  = help: see https://doc.rust-lang.org/nightly/reference/behavior-considered-undefined.html for further information
          
  = note: inside `main` at $DIR/float_to_int_32_nanneg.rs:9:14

note: some details are omitted, run with `MIRIFLAGS=-Zmiri-backtrace=full` for a verbose backtrace

error: aborting due to previous error

