   0: func_d
             at $DIR/backtrace-std.rs:18:45
   1: func_c
             at $DIR/backtrace-std.rs:17:45
   2: func_b
             at $DIR/backtrace-std.rs:11:48
   3: func_a
             at $DIR/backtrace-std.rs:10:45
   4: main
             at $DIR/backtrace-std.rs:21:19
   5: <fn() as std::ops::FnOnce<()>>::call_once - shim(fn())
             at rustc_src/src/ops/function.rs:227:5
   6: std::sys_common::backtrace::__rust_begin_short_backtrace
             at rustc_src/src/sys_common/backtrace.rs:122:18
   7: std::rt::lang_start::{closure#0}
             at rustc_src/src/rt.rs:145:18
   8: std::ops::function::impls::call_once
             at rustc_src/src/ops/function.rs:259:13
   9: std::panicking::r#try::do_call
             at rustc_src/src/panicking.rs:492:40
  10: std::panicking::r#try
             at rustc_src/src/panicking.rs:456:19
  11: std::panic::catch_unwind
             at rustc_src/src/panic.rs:137:14
  12: std::rt::lang_start_internal::{closure#2}
             at rustc_src/src/rt.rs:128:48
  13: std::panicking::r#try::do_call
             at rustc_src/src/panicking.rs:492:40
  14: std::panicking::r#try
             at rustc_src/src/panicking.rs:456:19
  15: std::panic::catch_unwind
             at rustc_src/src/panic.rs:137:14
  16: std::rt::lang_start_internal
             at rustc_src/src/rt.rs:128:20
  17: std::rt::lang_start
             at rustc_src/src/rt.rs:144:17
