error: Undefined Behavior: attempting a read access using <1990> at alloc970[0x0], but that tag does not exist in the borrow stack for this location
  --> $DIR/box_exclusive_violation1.rs:11:3
   |
LL |   *our //~ ERROR borrow stack
   |   ^^^^
   |   |
   |   attempting a read access using <1990> at alloc970[0x0], but that tag does not exist in the borrow stack for this location
   |   this error occurs as part of an access at alloc970[0x0..0x4]
   |
   = help: this indicates a potential bug in the program: it performed an invalid operation, but the rules it violated are still experimental
   = help: see https://github.com/rust-lang/unsafe-code-guidelines/blob/master/wip/stacked-borrows.md for further information
           
   = note: inside `demo_mut_advanced_unique` at $DIR/box_exclusive_violation1.rs:11:3
note: inside `main` at $DIR/box_exclusive_violation1.rs:28:5
  --> $DIR/box_exclusive_violation1.rs:28:5
   |
LL |     demo_mut_advanced_unique(Box::new(0));
   |     ^^^^^^^^^^^^^^^^^^^^^^^^^^^^^^^^^^^^^

note: some details are omitted, run with `MIRIFLAGS=-Zmiri-backtrace=full` for a verbose backtrace

error: aborting due to previous error

