error: Undefined Behavior: deallocating while item is protected: [Unique for <2019> (call 648)]
  --> /home/ubuntu/.rustup/toolchains/miri/lib/rustlib/src/rust/library/alloc/src/alloc.rs:105:14
   |
LL |     unsafe { __rust_dealloc(ptr, layout.size(), layout.align()) }
   |              ^^^^^^^^^^^^^^^^^^^^^^^^^^^^^^^^^^^^^^^^^^^^^^^^^^ deallocating while item is protected: [Unique for <2019> (call 648)]
   |
   = help: this indicates a potential bug in the program: it performed an invalid operation, but the rules it violated are still experimental
   = help: see https://github.com/rust-lang/unsafe-code-guidelines/blob/master/wip/stacked-borrows.md for further information
           
   = note: inside `std::alloc::dealloc` at /home/ubuntu/.rustup/toolchains/miri/lib/rustlib/src/rust/library/alloc/src/alloc.rs:105:14
   = note: inside `<std::alloc::Global as std::alloc::Allocator>::deallocate` at /home/ubuntu/.rustup/toolchains/miri/lib/rustlib/src/rust/library/alloc/src/alloc.rs:242:22
   = note: inside `alloc::alloc::box_free::<i32, std::alloc::Global>` at /home/ubuntu/.rustup/toolchains/miri/lib/rustlib/src/rust/library/alloc/src/alloc.rs:340:9
   = note: inside `std::ptr::drop_in_place::<std::boxed::Box<i32>> - shim(Some(std::boxed::Box<i32>))` at /home/ubuntu/.rustup/toolchains/miri/lib/rustlib/src/rust/library/core/src/ptr/mod.rs:188:1
   = note: inside `std::mem::drop::<std::boxed::Box<i32>>` at /home/ubuntu/.rustup/toolchains/miri/lib/rustlib/src/rust/library/core/src/mem/mod.rs:965:24
note: inside closure at $DIR/deallocate_against_barrier1.rs:11:9
  --> $DIR/deallocate_against_barrier1.rs:11:9
   |
LL |         drop(unsafe { Box::from_raw(raw) });
   |         ^^^^^^^^^^^^^^^^^^^^^^^^^^^^^^^^^^^
   = note: inside `<[closure@$DIR/deallocate_against_barrier1.rs:9:35: 12:6] as std::ops::FnOnce<(&mut i32,)>>::call_once - shim` at /home/ubuntu/.rustup/toolchains/miri/lib/rustlib/src/rust/library/core/src/ops/function.rs:227:5
note: inside `inner` at $DIR/deallocate_against_barrier1.rs:5:5
  --> $DIR/deallocate_against_barrier1.rs:5:5
   |
LL |     f(x)
   |     ^^^^
note: inside `main` at $DIR/deallocate_against_barrier1.rs:9:5
  --> $DIR/deallocate_against_barrier1.rs:9:5
   |
LL | /     inner(Box::leak(Box::new(0)), |x| {
LL | |         let raw = x as *mut _;
LL | |         drop(unsafe { Box::from_raw(raw) });
LL | |     });
   | |______^

note: some details are omitted, run with `MIRIFLAGS=-Zmiri-backtrace=full` for a verbose backtrace

error: aborting due to previous error

