error: Undefined Behavior: trying to reborrow <1907> for Unique permission at alloc953[0x0], but that tag does not exist in the borrow stack for this location
  --> $DIR/load_invalid_mut.rs:11:16
   |
LL |     let _val = *xref_in_mem; //~ ERROR borrow stack
   |                ^^^^^^^^^^^^
   |                |
   |                trying to reborrow <1907> for Unique permission at alloc953[0x0], but that tag does not exist in the borrow stack for this location
   |                this error occurs as part of a reborrow at alloc953[0x0..0x4]
   |
   = help: this indicates a potential bug in the program: it performed an invalid operation, but the rules it violated are still experimental
   = help: see https://github.com/rust-lang/unsafe-code-guidelines/blob/master/wip/stacked-borrows.md for further information
           
   = note: inside `main` at $DIR/load_invalid_mut.rs:11:16

note: some details are omitted, run with `MIRIFLAGS=-Zmiri-backtrace=full` for a verbose backtrace

error: aborting due to previous error

