error: Undefined Behavior: interpreting an invalid 8-bit value as a bool: 0x02
  --> $DIR/invalid_bool.rs:8:14
   |
LL |     let _x = b == std::hint::black_box(true); //~ ERROR interpreting an invalid 8-bit value as a bool: 0x02
   |              ^^^^^^^^^^^^^^^^^^^^^^^^^^^^^^^ interpreting an invalid 8-bit value as a bool: 0x02
   |
   = help: this indicates a bug in the program: it performed an invalid operation, and caused Undefined Behavior
   = help: see https://doc.rust-lang.org/nightly/reference/behavior-considered-undefined.html for further information
           
   = note: inside `main` at $DIR/invalid_bool.rs:8:14

note: some details are omitted, run with `MIRIFLAGS=-Zmiri-backtrace=full` for a verbose backtrace

error: aborting due to previous error

