error: Undefined Behavior: calling a function with ABI C using caller ABI Rust
  --> $DIR/check_callback_abi.rs:11:9
   |
11 | /         std::intrinsics::r#try( //~ ERROR calling a function with ABI C using caller ABI Rust
12 | |             std::mem::transmute::<extern "C" fn(*mut u8), _>(try_fn),
13 | |             std::ptr::null_mut(),
14 | |             |_, _| unreachable!(),
15 | |         );
   | |_________^ calling a function with ABI C using caller ABI Rust
   |
   = help: this indicates a bug in the program: it performed an invalid operation, and caused Undefined Behavior
   = help: see https://doc.rust-lang.org/nightly/reference/behavior-considered-undefined.html for further information
           
   = note: inside `main` at $DIR/check_callback_abi.rs:11:9

note: some details are omitted, run with `MIRIFLAGS=-Zmiri-backtrace=full` for a verbose backtrace

error: aborting due to previous error

